nohup: ignoring input
[2025-07-25 15:04:10 +0000] [29863] [INFO] Starting gunicorn 23.0.0
[2025-07-25 15:04:10 +0000] [29863] [INFO] Listening at: http://0.0.0.0:5000 (29863)
[2025-07-25 15:04:10 +0000] [29863] [INFO] Using worker: sync
[2025-07-25 15:04:10 +0000] [29864] [INFO] Booting worker with pid: 29864
[2025-07-25 15:04:10 +0000] [29865] [INFO] Booting worker with pid: 29865
[2025-07-25 15:04:10 +0000] [29866] [INFO] Booting worker with pid: 29866
[2025-07-25 15:04:10 +0000] [29867] [INFO] Booting worker with pid: 29867
2025/07/25 15:04:18 WARNING mlflow.server.auth: This feature is still experimental and may change in a future release without warning
[2025-07-25 15:04:18 +0000] [29866] [ERROR] Exception in worker process
Traceback (most recent call last):
  File "/home/palash/mlflow/variphi-mlflow/env/lib/python3.12/site-packages/gunicorn/arbiter.py", line 608, in spawn_worker
    worker.init_process()
  File "/home/palash/mlflow/variphi-mlflow/env/lib/python3.12/site-packages/gunicorn/workers/base.py", line 135, in init_process
    self.load_wsgi()
  File "/home/palash/mlflow/variphi-mlflow/env/lib/python3.12/site-packages/gunicorn/workers/base.py", line 147, in load_wsgi
    self.wsgi = self.app.wsgi()
                ^^^^^^^^^^^^^^^
  File "/home/palash/mlflow/variphi-mlflow/env/lib/python3.12/site-packages/gunicorn/app/base.py", line 66, in wsgi
    self.callable = self.load()
                    ^^^^^^^^^^^
  File "/home/palash/mlflow/variphi-mlflow/env/lib/python3.12/site-packages/gunicorn/app/wsgiapp.py", line 57, in load
    return self.load_wsgiapp()
           ^^^^^^^^^^^^^^^^^^^
  File "/home/palash/mlflow/variphi-mlflow/env/lib/python3.12/site-packages/gunicorn/app/wsgiapp.py", line 47, in load_wsgiapp
    return util.import_app(self.app_uri)
           ^^^^^^^^^^^^^^^^^^^^^^^^^^^^^
  File "/home/palash/mlflow/variphi-mlflow/env/lib/python3.12/site-packages/gunicorn/util.py", line 423, in import_app
    app = app(*args, **kwargs)
          ^^^^^^^^^^^^^^^^^^^^
  File "/home/palash/mlflow/variphi-mlflow/mlflow/server/auth/__init__.py", line 1285, in create_app
    raise MlflowException(
mlflow.exceptions.MlflowException: A static secret key needs to be set for CSRF protection. Please set the `MLFLOW_FLASK_SERVER_SECRET_KEY` environment variable before starting the server. For example:

export MLFLOW_FLASK_SERVER_SECRET_KEY='my-secret-key'

If you are using multiple servers, please ensure this key is consistent between them, in order to prevent validation issues.
[2025-07-25 15:04:18 +0000] [29866] [INFO] Worker exiting (pid: 29866)
2025/07/25 15:04:18 WARNING mlflow.server.auth: This feature is still experimental and may change in a future release without warning
[2025-07-25 15:04:18 +0000] [29864] [ERROR] Exception in worker process
Traceback (most recent call last):
  File "/home/palash/mlflow/variphi-mlflow/env/lib/python3.12/site-packages/gunicorn/arbiter.py", line 608, in spawn_worker
    worker.init_process()
  File "/home/palash/mlflow/variphi-mlflow/env/lib/python3.12/site-packages/gunicorn/workers/base.py", line 135, in init_process
    self.load_wsgi()
  File "/home/palash/mlflow/variphi-mlflow/env/lib/python3.12/site-packages/gunicorn/workers/base.py", line 147, in load_wsgi
    self.wsgi = self.app.wsgi()
                ^^^^^^^^^^^^^^^
  File "/home/palash/mlflow/variphi-mlflow/env/lib/python3.12/site-packages/gunicorn/app/base.py", line 66, in wsgi
    self.callable = self.load()
                    ^^^^^^^^^^^
  File "/home/palash/mlflow/variphi-mlflow/env/lib/python3.12/site-packages/gunicorn/app/wsgiapp.py", line 57, in load
    return self.load_wsgiapp()
           ^^^^^^^^^^^^^^^^^^^
  File "/home/palash/mlflow/variphi-mlflow/env/lib/python3.12/site-packages/gunicorn/app/wsgiapp.py", line 47, in load_wsgiapp
    return util.import_app(self.app_uri)
           ^^^^^^^^^^^^^^^^^^^^^^^^^^^^^
  File "/home/palash/mlflow/variphi-mlflow/env/lib/python3.12/site-packages/gunicorn/util.py", line 423, in import_app
    app = app(*args, **kwargs)
          ^^^^^^^^^^^^^^^^^^^^
  File "/home/palash/mlflow/variphi-mlflow/mlflow/server/auth/__init__.py", line 1285, in create_app
    raise MlflowException(
mlflow.exceptions.MlflowException: A static secret key needs to be set for CSRF protection. Please set the `MLFLOW_FLASK_SERVER_SECRET_KEY` environment variable before starting the server. For example:

export MLFLOW_FLASK_SERVER_SECRET_KEY='my-secret-key'

If you are using multiple servers, please ensure this key is consistent between them, in order to prevent validation issues.
[2025-07-25 15:04:18 +0000] [29864] [INFO] Worker exiting (pid: 29864)
2025/07/25 15:04:18 WARNING mlflow.server.auth: This feature is still experimental and may change in a future release without warning
[2025-07-25 15:04:18 +0000] [29867] [ERROR] Exception in worker process
Traceback (most recent call last):
  File "/home/palash/mlflow/variphi-mlflow/env/lib/python3.12/site-packages/gunicorn/arbiter.py", line 608, in spawn_worker
    worker.init_process()
  File "/home/palash/mlflow/variphi-mlflow/env/lib/python3.12/site-packages/gunicorn/workers/base.py", line 135, in init_process
    self.load_wsgi()
  File "/home/palash/mlflow/variphi-mlflow/env/lib/python3.12/site-packages/gunicorn/workers/base.py", line 147, in load_wsgi
    self.wsgi = self.app.wsgi()
                ^^^^^^^^^^^^^^^
  File "/home/palash/mlflow/variphi-mlflow/env/lib/python3.12/site-packages/gunicorn/app/base.py", line 66, in wsgi
    self.callable = self.load()
                    ^^^^^^^^^^^
  File "/home/palash/mlflow/variphi-mlflow/env/lib/python3.12/site-packages/gunicorn/app/wsgiapp.py", line 57, in load
    return self.load_wsgiapp()
           ^^^^^^^^^^^^^^^^^^^
  File "/home/palash/mlflow/variphi-mlflow/env/lib/python3.12/site-packages/gunicorn/app/wsgiapp.py", line 47, in load_wsgiapp
    return util.import_app(self.app_uri)
           ^^^^^^^^^^^^^^^^^^^^^^^^^^^^^
  File "/home/palash/mlflow/variphi-mlflow/env/lib/python3.12/site-packages/gunicorn/util.py", line 423, in import_app
    app = app(*args, **kwargs)
          ^^^^^^^^^^^^^^^^^^^^
  File "/home/palash/mlflow/variphi-mlflow/mlflow/server/auth/__init__.py", line 1285, in create_app
    raise MlflowException(
mlflow.exceptions.MlflowException: A static secret key needs to be set for CSRF protection. Please set the `MLFLOW_FLASK_SERVER_SECRET_KEY` environment variable before starting the server. For example:

export MLFLOW_FLASK_SERVER_SECRET_KEY='my-secret-key'

If you are using multiple servers, please ensure this key is consistent between them, in order to prevent validation issues.
[2025-07-25 15:04:18 +0000] [29867] [INFO] Worker exiting (pid: 29867)
2025/07/25 15:04:18 WARNING mlflow.server.auth: This feature is still experimental and may change in a future release without warning
[2025-07-25 15:04:18 +0000] [29865] [ERROR] Exception in worker process
Traceback (most recent call last):
  File "/home/palash/mlflow/variphi-mlflow/env/lib/python3.12/site-packages/gunicorn/arbiter.py", line 608, in spawn_worker
    worker.init_process()
  File "/home/palash/mlflow/variphi-mlflow/env/lib/python3.12/site-packages/gunicorn/workers/base.py", line 135, in init_process
    self.load_wsgi()
  File "/home/palash/mlflow/variphi-mlflow/env/lib/python3.12/site-packages/gunicorn/workers/base.py", line 147, in load_wsgi
    self.wsgi = self.app.wsgi()
                ^^^^^^^^^^^^^^^
  File "/home/palash/mlflow/variphi-mlflow/env/lib/python3.12/site-packages/gunicorn/app/base.py", line 66, in wsgi
    self.callable = self.load()
                    ^^^^^^^^^^^
  File "/home/palash/mlflow/variphi-mlflow/env/lib/python3.12/site-packages/gunicorn/app/wsgiapp.py", line 57, in load
    return self.load_wsgiapp()
           ^^^^^^^^^^^^^^^^^^^
  File "/home/palash/mlflow/variphi-mlflow/env/lib/python3.12/site-packages/gunicorn/app/wsgiapp.py", line 47, in load_wsgiapp
    return util.import_app(self.app_uri)
           ^^^^^^^^^^^^^^^^^^^^^^^^^^^^^
  File "/home/palash/mlflow/variphi-mlflow/env/lib/python3.12/site-packages/gunicorn/util.py", line 423, in import_app
    app = app(*args, **kwargs)
          ^^^^^^^^^^^^^^^^^^^^
  File "/home/palash/mlflow/variphi-mlflow/mlflow/server/auth/__init__.py", line 1285, in create_app
    raise MlflowException(
mlflow.exceptions.MlflowException: A static secret key needs to be set for CSRF protection. Please set the `MLFLOW_FLASK_SERVER_SECRET_KEY` environment variable before starting the server. For example:

export MLFLOW_FLASK_SERVER_SECRET_KEY='my-secret-key'

If you are using multiple servers, please ensure this key is consistent between them, in order to prevent validation issues.
[2025-07-25 15:04:18 +0000] [29865] [INFO] Worker exiting (pid: 29865)
[2025-07-25 15:04:21 +0000] [29863] [ERROR] Worker (pid:29866) exited with code 3
[2025-07-25 15:04:21 +0000] [29863] [ERROR] Worker (pid:29864) exited with code 3
Traceback (most recent call last):
  File "/home/palash/mlflow/variphi-mlflow/env/lib/python3.12/site-packages/gunicorn/arbiter.py", line 208, in run
    self.sleep()
  File "/home/palash/mlflow/variphi-mlflow/env/lib/python3.12/site-packages/gunicorn/arbiter.py", line 359, in sleep
    ready = select.select([self.PIPE[0]], [], [], 1.0)
            ^^^^^^^^^^^^^^^^^^^^^^^^^^^^^^^^^^^^^^^^^^
  File "/home/palash/mlflow/variphi-mlflow/env/lib/python3.12/site-packages/gunicorn/arbiter.py", line 241, in handle_chld
    self.reap_workers()
  File "/home/palash/mlflow/variphi-mlflow/env/lib/python3.12/site-packages/gunicorn/arbiter.py", line 529, in reap_workers
    raise HaltServer(reason, self.WORKER_BOOT_ERROR)
gunicorn.errors.HaltServer: <HaltServer 'Worker failed to boot.' 3>

During handling of the above exception, another exception occurred:

Traceback (most recent call last):
  File "<frozen runpy>", line 198, in _run_module_as_main
  File "<frozen runpy>", line 88, in _run_code
  File "/home/palash/mlflow/variphi-mlflow/env/lib/python3.12/site-packages/gunicorn/__main__.py", line 10, in <module>
    run(prog="gunicorn")
  File "/home/palash/mlflow/variphi-mlflow/env/lib/python3.12/site-packages/gunicorn/app/wsgiapp.py", line 66, in run
    WSGIApplication("%(prog)s [OPTIONS] [APP_MODULE]", prog=prog).run()
  File "/home/palash/mlflow/variphi-mlflow/env/lib/python3.12/site-packages/gunicorn/app/base.py", line 235, in run
    super().run()
  File "/home/palash/mlflow/variphi-mlflow/env/lib/python3.12/site-packages/gunicorn/app/base.py", line 71, in run
    Arbiter(self).run()
  File "/home/palash/mlflow/variphi-mlflow/env/lib/python3.12/site-packages/gunicorn/arbiter.py", line 228, in run
    self.halt(reason=inst.reason, exit_status=inst.exit_status)
  File "/home/palash/mlflow/variphi-mlflow/env/lib/python3.12/site-packages/gunicorn/arbiter.py", line 341, in halt
    self.stop()
  File "/home/palash/mlflow/variphi-mlflow/env/lib/python3.12/site-packages/gunicorn/arbiter.py", line 395, in stop
    time.sleep(0.1)
  File "/home/palash/mlflow/variphi-mlflow/env/lib/python3.12/site-packages/gunicorn/arbiter.py", line 241, in handle_chld
    self.reap_workers()
  File "/home/palash/mlflow/variphi-mlflow/env/lib/python3.12/site-packages/gunicorn/arbiter.py", line 529, in reap_workers
    raise HaltServer(reason, self.WORKER_BOOT_ERROR)
gunicorn.errors.HaltServer: <HaltServer 'Worker failed to boot.' 3>
Running the mlflow server failed. Please see the logs above for details.
